// Jest Snapshot v1, https://goo.gl/fbAQLP

exports[`articles should be vue instance 1`] = `
"<v-container-stub tag=\\"div\\">
  <page-title-stub title=\\"Article\\"></page-title-stub>
  <v-row-stub tag=\\"div\\">
    <v-col-stub cols=\\"12\\" sm=\\"6\\" tag=\\"div\\">
      <v-card-stub loaderheight=\\"4\\" href=\\"https://aws.amazon.com/jp/builders-flash/202211/best-practice-game-day/\\" tag=\\"div\\" target=\\"_blank\\">
        <v-img-stub height=\\"300\\" options=\\"[object Object]\\" position=\\"center center\\" src=\\"https://d1.awsstatic.com/Developer%20Marketing/jp/magazine/2022/thumb_best-practice-game-day.e8c956b14c26eb1cb52e08a998ac38544517f23d.jpg\\" transition=\\"fade-transition\\"></v-img-stub>
        <v-card-title-stub tag=\\"div\\">
          よりリアルな攻撃で⾏うゲームデーで得たベストプラクティスとは ?
        </v-card-title-stub>
        <v-card-text-stub tag=\\"div\\">AWSのメディアに寄稿させていただいた記事です</v-card-text-stub>
      </v-card-stub>
    </v-col-stub>
    <v-col-stub cols=\\"12\\" sm=\\"6\\" tag=\\"div\\">
      <v-card-stub loaderheight=\\"4\\" href=\\"https://speakerdeck.com/reireias/improving-efficiency-of-aws-account-operations-by-medpeer-sre-team\\" tag=\\"div\\" target=\\"_blank\\">
        <v-img-stub height=\\"300\\" options=\\"[object Object]\\" position=\\"center center\\" src=\\"https://files.speakerdeck.com/presentations/bbcf01585b25479cb993975808c63709/slide_0.jpg?19573755\\" transition=\\"fade-transition\\"></v-img-stub>
        <v-card-title-stub tag=\\"div\\"> SREチームによるAWSアカウント運用効率化 </v-card-title-stub>
        <v-card-text-stub tag=\\"div\\"> AWSのイベントで登壇した資料です </v-card-text-stub>
      </v-card-stub>
    </v-col-stub>
  </v-row-stub>
  <v-row-stub tag=\\"div\\">
    <v-col-stub cols=\\"12\\" sm=\\"6\\" tag=\\"div\\">
      <v-card-stub loaderheight=\\"4\\" href=\\"https://tech.medpeer.co.jp/entry/2021/10/01/090000\\" tag=\\"div\\" target=\\"_blank\\">
        <v-img-stub height=\\"300\\" options=\\"[object Object]\\" position=\\"center center\\" src=\\"https://cdn-ak.f.st-hatena.com/images/fotolife/s/satoshitakumi/20210915/20210915154524.png\\" transition=\\"fade-transition\\"></v-img-stub>
        <v-card-title-stub tag=\\"div\\">
          AWS Config + Athena +
          QuickSightによる複数AWSアカウント横断でのセキュリティ状態の可視化
        </v-card-title-stub>
        <v-card-text-stub tag=\\"div\\">多数のAWSアカウントのセキュリティを可視化する仕組みです</v-card-text-stub>
      </v-card-stub>
    </v-col-stub>
    <v-col-stub cols=\\"12\\" sm=\\"6\\" tag=\\"div\\">
      <v-card-stub loaderheight=\\"4\\" href=\\"https://qiita.com/reireias/items/0d87de18f43f27a8ed9b\\" tag=\\"div\\" target=\\"_blank\\">
        <v-img-stub height=\\"300\\" options=\\"[object Object]\\" position=\\"center center\\" src=\\"/article01.jpg\\" transition=\\"fade-transition\\"></v-img-stub>
        <v-card-title-stub tag=\\"div\\">
          ラズパイ4で作るディスプレイ付きKubernetesクラスター
        </v-card-title-stub>
        <v-card-text-stub tag=\\"div\\"> こだわりが詰まった作品です </v-card-text-stub>
      </v-card-stub>
    </v-col-stub>
  </v-row-stub>
  <v-row-stub tag=\\"div\\">
    <v-col-stub cols=\\"12\\" sm=\\"6\\" tag=\\"div\\">
      <v-card-stub loaderheight=\\"4\\" href=\\"https://qiita.com/reireias/items/2e377b2a42e4cb3aded1\\" tag=\\"div\\" target=\\"_blank\\">
        <v-img-stub height=\\"300\\" options=\\"[object Object]\\" position=\\"center center\\" src=\\"/article02.png\\" transition=\\"fade-transition\\"></v-img-stub>
        <v-card-title-stub tag=\\"div\\">
          Firebase + Nuxt.js + RaspberryPiで作る猫監視システム
        </v-card-title-stub>
        <v-card-text-stub tag=\\"div\\">
          Firebaseの様々な機能を試してるうちに思いついたシステムです
        </v-card-text-stub>
      </v-card-stub>
    </v-col-stub>
    <v-col-stub cols=\\"12\\" sm=\\"6\\" tag=\\"div\\">
      <v-card-stub loaderheight=\\"4\\" href=\\"https://speakerdeck.com/reireias/medpeer-aws-seminar-ecs\\" tag=\\"div\\" target=\\"_blank\\">
        <v-img-stub height=\\"300\\" options=\\"[object Object]\\" position=\\"center center\\" src=\\"https://files.speakerdeck.com/presentations/f93589dc55794dc8b722be041a7997d1/slide_0.jpg?672505\\" transition=\\"fade-transition\\"></v-img-stub>
        <v-card-title-stub tag=\\"div\\">AWS勉強会 ECS編</v-card-title-stub>
        <v-card-text-stub tag=\\"div\\">社内で開催した勉強会の資料です</v-card-text-stub>
      </v-card-stub>
    </v-col-stub>
  </v-row-stub>
</v-container-stub>"
`;
