// Jest Snapshot v1, https://goo.gl/fbAQLP

exports[`index should be vue instance 1`] = `
"<div><top-stub style=\\"margin-top: 100px; margin-bottom: 100px;\\"></top-stub> <div class=\\"title-text\\">
    Profile
  </div> <profile-stub></profile-stub> <div class=\\"title-text\\">
    Account
  </div> <account-stub></account-stub> <div class=\\"title-text\\">
    Certificate
  </div> <certificate-stub></certificate-stub> <div class=\\"title-text\\">
    Skills
  </div> <hexagon-skill-stub></hexagon-skill-stub> <div class=\\"title-text\\">
    Career
  </div> <timeline-stub></timeline-stub></div>"
`;
