// Jest Snapshot v1, https://goo.gl/fbAQLP

exports[`index should be vue instance 1`] = `
"<v-container-stub tag=\\"div\\">
  <v-row-stub tag=\\"div\\" justify=\\"center\\">
    <v-col-stub tag=\\"div\\">
      <div class=\\"header-text\\">Tech or Cat</div>
    </v-col-stub>
  </v-row-stub>
  <v-row-stub tag=\\"div\\">
    <v-col-stub tag=\\"div\\">
      <profile-stub></profile-stub>
    </v-col-stub>
  </v-row-stub>
  <v-row-stub tag=\\"div\\">
    <v-col-stub tag=\\"div\\">
      <account-stub></account-stub>
    </v-col-stub>
  </v-row-stub>
  <v-row-stub tag=\\"div\\">
    <v-col-stub tag=\\"div\\">
      <certificate-stub></certificate-stub>
    </v-col-stub>
  </v-row-stub>
  <v-row-stub tag=\\"div\\">
    <v-col-stub tag=\\"div\\">
      <skill-stub></skill-stub>
    </v-col-stub>
  </v-row-stub>
  <v-row-stub tag=\\"div\\">
    <v-col-stub tag=\\"div\\">
      <timeline-stub></timeline-stub>
    </v-col-stub>
  </v-row-stub>
</v-container-stub>"
`;
