// Jest Snapshot v1, https://goo.gl/fbAQLP

exports[`profile should be vue instance 1`] = `
"<div>
  <page-title-stub title=\\"Profile\\"></page-title-stub>
  <v-container-stub tag=\\"div\\">
    <v-row-stub tag=\\"div\\" justify=\\"center\\">
      <v-avatar-stub color=\\"white\\" size=\\"128\\">
        <v-img-stub options=\\"[object Object]\\" position=\\"center center\\" src=\\"/icon.png\\" transition=\\"fade-transition\\"></v-img-stub>
      </v-avatar-stub>
    </v-row-stub>
    <key-value-row-stub k=\\"生年月日\\" v=\\"1988/xx/xx\\"></key-value-row-stub>
    <key-value-row-stub k=\\"職業\\" v=\\"SRE/Webアプリケーションエンジニア\\"></key-value-row-stub>
    <key-value-row-stub k=\\"好きな動物\\" v=\\"猫科全般\\"></key-value-row-stub>
    <key-value-row-stub k=\\"好きなOS\\" v=\\"Linux\\"></key-value-row-stub>
    <key-value-row-stub k=\\"好きなLinux Distribution\\" v=\\"Linux Mint\\"></key-value-row-stub>
    <key-value-row-stub k=\\"趣味\\" v=\\"新技術で遊ぶこと/自作PC/ゲーム全般\\"></key-value-row-stub>
    <key-value-row-stub k=\\"備考\\" v=\\"Japan MENSA会員\\"></key-value-row-stub>
    <v-row-stub tag=\\"div\\">
      <v-col-stub cols=\\"6\\" md=\\"4\\" tag=\\"div\\">
        <v-card-stub loaderheight=\\"4\\" href=\\"http://github.com/reireias\\" tag=\\"div\\" target=\\"_blank\\" color=\\"#363636\\">
          <v-card-title-stub>
            <v-icon-stub>mdi-github</v-icon-stub>
            <div style=\\"margin-left: 10px;\\">
              GitHub
            </div>
          </v-card-title-stub>
        </v-card-stub>
      </v-col-stub>
      <v-col-stub cols=\\"6\\" md=\\"4\\" tag=\\"div\\">
        <v-card-stub loaderheight=\\"4\\" href=\\"http://twitter.com/reirei_As\\" tag=\\"div\\" target=\\"_blank\\" color=\\"#1da1f2\\">
          <v-card-title-stub>
            <v-icon-stub>mdi-twitter</v-icon-stub>
            <div style=\\"margin-left: 10px;\\">
              Twitter
            </div>
          </v-card-title-stub>
        </v-card-stub>
      </v-col-stub>
      <v-col-stub cols=\\"6\\" md=\\"4\\" tag=\\"div\\">
        <v-card-stub loaderheight=\\"4\\" href=\\"http://qiita.com/reireias\\" tag=\\"div\\" target=\\"_blank\\" color=\\"#55c500\\">
          <v-card-title-stub>
            <v-icon-stub>mdi-link</v-icon-stub>
            <div style=\\"margin-left: 10px;\\">
              Qiita
            </div>
          </v-card-title-stub>
        </v-card-stub>
      </v-col-stub>
      <v-col-stub cols=\\"6\\" md=\\"4\\" tag=\\"div\\">
        <v-card-stub loaderheight=\\"4\\" href=\\"https://speakerdeck.com/reireias\\" tag=\\"div\\" target=\\"_blank\\" color=\\"#009287\\">
          <v-card-title-stub>
            <v-icon-stub>mdi-link</v-icon-stub>
            <div style=\\"margin-left: 10px;\\">
              Speaker Deck
            </div>
          </v-card-title-stub>
        </v-card-stub>
      </v-col-stub>
    </v-row-stub>
  </v-container-stub>
</div>"
`;
