// Jest Snapshot v1, https://goo.gl/fbAQLP

exports[`profile should be vue instance 1`] = `
"<v-container-stub tag=\\"div\\" class=\\"profile-container\\">
  <v-row-stub tag=\\"div\\" justify=\\"center\\">
    <div class=\\"display-3\\">Profile</div>
  </v-row-stub>
  <v-row-stub tag=\\"div\\" justify=\\"center\\">
    <v-col-stub cols=\\"12\\" md=\\"8\\" tag=\\"div\\">
      <profile-stub></profile-stub>
    </v-col-stub>
  </v-row-stub>
  <v-row-stub tag=\\"div\\" justify=\\"center\\">
    <v-col-stub cols=\\"12\\" md=\\"8\\" tag=\\"div\\">
      <v-card-stub loaderheight=\\"4\\" tag=\\"div\\" flat=\\"true\\">
        <v-card-title-stub class=\\"bottom-border-accent\\"> Accounts </v-card-title-stub>
        <v-container-stub tag=\\"div\\"></v-container-stub>
      </v-card-stub>
    </v-col-stub>
  </v-row-stub>
</v-container-stub>"
`;
