// Jest Snapshot v1, https://goo.gl/fbAQLP

exports[`skills should be vue instance 1`] = `
"<v-container-stub tag=\\"div\\">
  <v-row-stub tag=\\"div\\" justify=\\"center\\">
    <div class=\\"display-3\\">Skills</div>
  </v-row-stub>
  <v-row-stub tag=\\"div\\" justify=\\"center\\">
    <v-col-stub cols=\\"12\\" sm=\\"8\\" tag=\\"div\\">
      <sre-skill-card-stub></sre-skill-card-stub>
    </v-col-stub>
  </v-row-stub>
  <v-row-stub tag=\\"div\\" justify=\\"center\\">
    <v-col-stub cols=\\"12\\" sm=\\"8\\" tag=\\"div\\">
      <web-skill-card-stub></web-skill-card-stub>
    </v-col-stub>
  </v-row-stub>
</v-container-stub>"
`;
